nextgenerationcenter.com
intel.cc
intel.co
intel.com
ospray.org
ospray.net
clearlinux.org
acpica.com
universalscalablefirmware.org
snap-telemetry.io
renderingtoolkit.org
openvinotoolkit.org
opendroneid.org
opencas.io
oneapi.io
oneapi.com
intellinuxgraphics.net
intellinuxgraphics.com
hyperscan.io
01.org
barefootnetworks.com
xscale.com
xn--ztsq84g.cn
xeon.com
vpro.net
vpro.com
intel.dev
intel.eu
intel.gg
intel.io
intel.jp
intel.me
intel.nl
intel.ru
intel.se
intel.tv
intel.tw
intel.us
cilk.com
vokevr.com
trustedanalytics.net
trustedanalytics.com
thunderbolttechnology.net
altera.com
alteraforum.com
buyaltera.com
celeron.com
celeron.net
centrino.com
centrino.net
chips.com
cilk.net
cloudinsights.com
clusterconnection.com
comm-verse.com
coreduo.com
coreextreme.com
crosswalk-project.com
crosswalk-project.net
dml-lang.org
doceapower.com
easic.com
enpirion.com
exascale-tech.com
exploreintel.com
gordonmoore.com
granulate.io
hackharassment.com
insidefilms.com
insight.tech
intc.com
intel-research.net
intel-university-collaboration.net
intelamericasstore.com
intelapacstore.com
intelatom.net
intelcapital.com
intelcapital.net
intelcloudbuilders.com
intelcloudfinder.com
intelemeastore.com
inteleventexpress.com
intelforchange.com
intelfreepress.com
intelgo.net
intelinsight.com
inteliotmarketplace.com
intell.com
intellearningseries.com
intellinuxwireless.net
intelnervana.com
intelplay.com
intelquark.com
intelrealsense.cn
intelrealsense.com
intelrealsense.net
intelreimbursement.com
intelrxt.com
intelsalestraining.com
intelsecurity.com
intelserveredge.com
intelsoftwarenetwork.com
intelstore.com
inteltechnologyprovider.com
intelvmwarecybersecurity.com
itnel.com
latencytop.com
lookinside.com
makebettercode.com
makesenseofdata.com
meccontroller.com
movidius.com
movidius.net
movidius.org
nervanasys.com
nevex.com
threadingbuildingblocks.org
niosii.com
niosii.net
omekinteractive.com
omnitek.tv
openamt.com
optanedifference.com
passwordday.org
pc.com
pentium.com
pentium.net
pintool.com
pmem.org
pmem.us
poweredbyintel.com
projectcircuitbreaker.com
reconinstruments.com
reconjet.com
researchintel.com
saffrontech.com
sensorynetworks.com
sigopt.com
silicon-mobility.com
siliconmobility.com
siport.com
smart-edge.com
smart-edge.info
smart-edge.io
smart-edge.net
smart-edge.org
smart-edge.systems
smartedge.info
storageclassmemory.io
storageclassmemory.org
theintelstore.com
intel.co.jp
intel.com.tw
intel.com.cn
altera.co.jp
intel.com.co
intel.cn
openvino.ai
intel.ac
intel.ae
intel.af
intel.ag
intel.ai
intel.ar
intel.at
intel.az
intel.ba
intel.bg
intel.bh
intel.bi
intel.bo
intel.bs
intel.by
intel.ca
intel.cg
intel.ch
intel.cl
intel.cm
intel.co.ae
intel.co.cr
intel.co.id
intel.co.il
intel.co.kr
intel.co.uk
intel.co.za
intel.com.ar
intel.com.au
intel.com.bo
intel.com.br
intel.com.ec
intel.com.hk
intel.com.jm
intel.com.mx
intel.com.my
intel.com.pe
intel.com.ph
intel.com.pr
intel.com.py
intel.com.tr
intel.com.uy
intel.com.ve
intel.cr
intel.cu
intel.cz
intel.de
intel.dk
intel.dz
intel.ec
intel.ee
intel.eg
intel.es
intel.fi
intel.fr
intel.ga
intel.gd
intel.ge
intel.gl
intel.gm
intel.gr
intel.gs
intel.gt
intel.gy
intel.hk
intel.hn
intel.ht
intel.hu
intel.id
intel.ie
intel.in
intel.it
intel.je
intel.jo
intel.ke
intel.la
intel.lc
intel.lk
intel.lt
intel.lu
intel.ly
intel.ma
intel.md
intel.mg
intel.mk
intel.mn
intel.mp
intel.mt
intel.mu
intel.mw
intel.mx
intel.my
intel.ng
intel.nu
intel.nz
intel.pa
intel.pe
intel.ph
intel.pl
intel.pn
intel.re
intel.ro
intel.rw
intel.sa
intel.sc
intel.sg
intel.si
intel.sk
intel.sn
intel.sr
intel.st
intel.sv
intel.sx
intel.sy
intel.tf
intel.tj
intel.tl
intel.tm
intel.tn
intel.tt
intel.ua
intel.uk
intel.uy
intel.uz
intel.vg
intel.vn
intel.vu
intel.wf
intel.yt
