nvidia.custhelp.com
nvidia.tt.omtrdc.net
cn.download.nvidia.com
nvidia.nl
nvidiagrid.net
geforce.com
tegrazone.jp
gputechconf.com
tegrazone.com
tegrazone.co
gputechconf.eu
gputechconf.jp
nvidia.asia
nvidia.be
shotwithgeforce.com
nvidiaforhp.com
nvidia.tw
nvidia.com
nvidia.se
nvidia.ru
nvidia.jp
nvidia.eu
nvidia.com.tw
nvidia.co.jp
gputechconf.com.tw
geforce.com.tw
geforce.cn
gputechconf.cn
nvidia.cn
hf.co
hf.space
huggingface.co
geforce.co.kr
geforce.co.uk
gputechconf.co.kr
gputechconf.com.au
gputechconf.in
nvidia.at
nvidia.ch
nvidia.co.at
nvidia.co.in
nvidia.co.kr
nvidia.co.uk
nvidia.com.au
nvidia.com.br
nvidia.com.mx
nvidia.com.pe
nvidia.com.pl
nvidia.com.tr
nvidia.com.ua
nvidia.com.ve
nvidia.cz
nvidia.de
nvidia.dk
nvidia.es
nvidia.fi
nvidia.fr
nvidia.in
nvidia.it
nvidia.lu
nvidia.mx
nvidia.no
nvidia.pl
nvidia.ro
tegrazone.co.kr
tegrazone.kr
